../Core/Src/main.c:125:5:presForFrequency	32	static
../Core/Src/main.c:133:6:Calculate_Baseline	32	static
../Core/Src/main.c:159:6:HAL_GPIO_EXTI_Callback	16	static
../Core/Src/main.c:179:6:HAL_ADC_ConvCpltCallback	112	static
../Core/Src/main.c:282:5:main	40	static
../Core/Src/main.c:446:6:SystemClock_Config	88	static
../Core/Src/main.c:493:13:MX_ADC1_Init	24	static
../Core/Src/main.c:545:13:MX_TIM1_Init	96	static
../Core/Src/main.c:620:13:MX_TIM2_Init	64	static
../Core/Src/main.c:679:13:MX_USART1_UART_Init	8	static
../Core/Src/main.c:712:13:MX_USART2_UART_Init	8	static
../Core/Src/main.c:745:13:MX_GPIO_Init	48	static
../Core/Src/main.c:811:6:Error_Handler	4	static,ignoring_inline_asm
