../Core/Src/main.c:144:6:Update_State_String	16	static
../Core/Src/main.c:156:5:presForFrequency	32	static
../Core/Src/main.c:163:6:Calculate_Baseline	32	static
../Core/Src/main.c:189:6:HAL_GPIO_EXTI_Callback	16	static
../Core/Src/main.c:205:6:HAL_ADC_ConvCpltCallback	88	static
../Core/Src/main.c:358:5:main	72	static
../Core/Src/main.c:560:6:SystemClock_Config	88	static
../Core/Src/main.c:607:13:MX_ADC1_Init	24	static
../Core/Src/main.c:669:13:MX_TIM1_Init	96	static
../Core/Src/main.c:744:13:MX_TIM2_Init	64	static
../Core/Src/main.c:803:13:MX_USART1_UART_Init	8	static
../Core/Src/main.c:836:13:MX_USART2_UART_Init	8	static
../Core/Src/main.c:867:13:MX_DMA_Init	16	static
../Core/Src/main.c:885:13:MX_GPIO_Init	48	static
../Core/Src/main.c:951:6:Error_Handler	4	static,ignoring_inline_asm
